Component: ARM Compiler 6.16 Tool: armlink [5dfeaa00]

==============================================================================

Section Cross References

    startup_aducrf101.o(STACK) refers (Special) to heapauxi.o(.text) for __use_two_region_memory
    startup_aducrf101.o(HEAP) refers (Special) to heapauxi.o(.text) for __use_two_region_memory
    startup_aducrf101.o(RESET) refers (Special) to heapauxi.o(.text) for __use_two_region_memory
    startup_aducrf101.o(RESET) refers to startup_aducrf101.o(STACK) for __initial_sp
    startup_aducrf101.o(RESET) refers to startup_aducrf101.o(.text) for Reset_Handler
    startup_aducrf101.o(.text) refers (Special) to heapauxi.o(.text) for __use_two_region_memory
    startup_aducrf101.o(.text) refers to system_aducrf101.o(.text.SystemInit) for SystemInit
    startup_aducrf101.o(.text) refers to __main.o(!!!main) for __main
    startup_aducrf101.o(.text) refers to startup_aducrf101.o(HEAP) for Heap_Mem
    startup_aducrf101.o(.text) refers to startup_aducrf101.o(STACK) for Stack_Mem
    system_aducrf101.o(.text.SystemCoreClockUpdate) refers to system_aducrf101.o(.bss.SystemExtClock) for SystemExtClock
    system_aducrf101.o(.text.SystemCoreClockUpdate) refers to system_aducrf101.o(.bss.uClk) for uClk
    system_aducrf101.o(.text.SystemCoreClockUpdate) refers to system_aducrf101.o(.bss.uClkDiv) for uClkDiv
    system_aducrf101.o(.ARM.exidx.text.SystemCoreClockUpdate) refers to system_aducrf101.o(.text.SystemCoreClockUpdate) for [Anonymous Symbol]
    system_aducrf101.o(.text.SystemInit) refers to system_aducrf101.o(.text.SystemCoreClockUpdate) for SystemCoreClockUpdate
    system_aducrf101.o(.ARM.exidx.text.SystemInit) refers to system_aducrf101.o(.text.SystemInit) for [Anonymous Symbol]
    system_aducrf101.o(.text.SetSystemExtClkFreq) refers to system_aducrf101.o(.bss.SystemExtClock) for SystemExtClock
    system_aducrf101.o(.ARM.exidx.text.SetSystemExtClkFreq) refers to system_aducrf101.o(.text.SetSystemExtClkFreq) for [Anonymous Symbol]
    system_aducrf101.o(.text.GetSystemExtClkFreq) refers to system_aducrf101.o(.bss.SystemExtClock) for SystemExtClock
    system_aducrf101.o(.ARM.exidx.text.GetSystemExtClkFreq) refers to system_aducrf101.o(.text.GetSystemExtClkFreq) for [Anonymous Symbol]
    system_aducrf101.o(.text.SystemSetClockDivider) refers to system_aducrf101.o(.text.SystemCoreClockUpdate) for SystemCoreClockUpdate
    system_aducrf101.o(.ARM.exidx.text.SystemSetClockDivider) refers to system_aducrf101.o(.text.SystemSetClockDivider) for [Anonymous Symbol]
    system_aducrf101.o(.text.SystemGetClockFrequency) refers to system_aducrf101.o(.bss.uClkDiv) for uClkDiv
    system_aducrf101.o(.ARM.exidx.text.SystemGetClockFrequency) refers to system_aducrf101.o(.text.SystemGetClockFrequency) for [Anonymous Symbol]
    main.o(.text.main) refers to main.o(.text.uart_init) for uart_init
    main.o(.text.main) refers to main.o(.text.i2c_init) for i2c_init
    main.o(.text.main) refers to main.o(.text.delay_ms) for delay_ms
    main.o(.text.main) refers to main.o(.text.uart_puts) for uart_puts
    main.o(.text.main) refers to main.o(.text.i2c_read_reg) for i2c_read_reg
    main.o(.text.main) refers to main.o(.rodata.str1.1) for .L.str.2
    main.o(.text.main) refers to main.o(.text.uart_hex8) for uart_hex8
    main.o(.text.main) refers to main.o(.text.read_calibration) for read_calibration
    main.o(.text.main) refers to main.o(.text.i2c_write_reg) for i2c_write_reg
    main.o(.text.main) refers to main.o(.text.i2c_read_regs) for i2c_read_regs
    main.o(.text.main) refers to main.o(.text.bmp280_compensate_T_int32) for bmp280_compensate_T_int32
    main.o(.text.main) refers to main.o(.text.bmp280_compensate_P_int64) for bmp280_compensate_P_int64
    main.o(.text.main) refers to main.o(.text.uart_centi) for uart_centi
    main.o(.text.main) refers to main.o(.text.uart_u32) for uart_u32
    main.o(.ARM.exidx.text.main) refers to main.o(.text.main) for [Anonymous Symbol]
    main.o(.ARM.exidx.text.uart_init) refers to main.o(.text.uart_init) for [Anonymous Symbol]
    main.o(.ARM.exidx.text.i2c_init) refers to main.o(.text.i2c_init) for [Anonymous Symbol]
    main.o(.ARM.exidx.text.delay_ms) refers to main.o(.text.delay_ms) for [Anonymous Symbol]
    main.o(.text.uart_puts) refers to main.o(.text.uart_putc) for uart_putc
    main.o(.ARM.exidx.text.uart_puts) refers to main.o(.text.uart_puts) for [Anonymous Symbol]
    main.o(.text.i2c_read_reg) refers to main.o(.text.i2c_write) for i2c_write
    main.o(.text.i2c_read_reg) refers to main.o(.text.i2c_read_n) for i2c_read_n
    main.o(.ARM.exidx.text.i2c_read_reg) refers to main.o(.text.i2c_read_reg) for [Anonymous Symbol]
    main.o(.text.uart_hex8) refers to main.o(.text.uart_putc) for uart_putc
    main.o(.text.uart_hex8) refers to main.o(.rodata.str1.1) for uart_hex8.h
    main.o(.ARM.exidx.text.uart_hex8) refers to main.o(.text.uart_hex8) for [Anonymous Symbol]
    main.o(.text.read_calibration) refers to main.o(.text.i2c_read_regs) for i2c_read_regs
    main.o(.text.read_calibration) refers to main.o(.bss.dig_T1) for dig_T1
    main.o(.text.read_calibration) refers to main.o(.bss.dig_T2) for dig_T2
    main.o(.text.read_calibration) refers to main.o(.bss.dig_T3) for dig_T3
    main.o(.text.read_calibration) refers to main.o(.bss.dig_P1) for dig_P1
    main.o(.text.read_calibration) refers to main.o(.bss.dig_P2) for dig_P2
    main.o(.text.read_calibration) refers to main.o(.bss.dig_P3) for dig_P3
    main.o(.text.read_calibration) refers to main.o(.bss.dig_P4) for dig_P4
    main.o(.text.read_calibration) refers to main.o(.bss.dig_P5) for dig_P5
    main.o(.text.read_calibration) refers to main.o(.bss.dig_P6) for dig_P6
    main.o(.text.read_calibration) refers to main.o(.bss.dig_P7) for dig_P7
    main.o(.text.read_calibration) refers to main.o(.bss.dig_P8) for dig_P8
    main.o(.text.read_calibration) refers to main.o(.bss.dig_P9) for dig_P9
    main.o(.ARM.exidx.text.read_calibration) refers to main.o(.text.read_calibration) for [Anonymous Symbol]
    main.o(.text.i2c_write_reg) refers to main.o(.text.i2c_write) for i2c_write
    main.o(.ARM.exidx.text.i2c_write_reg) refers to main.o(.text.i2c_write_reg) for [Anonymous Symbol]
    main.o(.text.i2c_read_regs) refers to main.o(.text.i2c_write) for i2c_write
    main.o(.text.i2c_read_regs) refers to main.o(.text.i2c_read_n) for i2c_read_n
    main.o(.ARM.exidx.text.i2c_read_regs) refers to main.o(.text.i2c_read_regs) for [Anonymous Symbol]
    main.o(.text.bmp280_compensate_T_int32) refers to main.o(.bss.dig_T1) for dig_T1
    main.o(.text.bmp280_compensate_T_int32) refers to main.o(.bss.dig_T3) for dig_T3
    main.o(.text.bmp280_compensate_T_int32) refers to main.o(.bss.dig_T2) for dig_T2
    main.o(.text.bmp280_compensate_T_int32) refers to main.o(.bss.t_fine) for t_fine
    main.o(.ARM.exidx.text.bmp280_compensate_T_int32) refers to main.o(.text.bmp280_compensate_T_int32) for [Anonymous Symbol]
    main.o(.text.bmp280_compensate_P_int64) refers to main.o(.bss.t_fine) for t_fine
    main.o(.text.bmp280_compensate_P_int64) refers to main.o(.bss.dig_P3) for dig_P3
    main.o(.text.bmp280_compensate_P_int64) refers to main.o(.bss.dig_P2) for dig_P2
    main.o(.text.bmp280_compensate_P_int64) refers to main.o(.bss.dig_P1) for dig_P1
    main.o(.text.bmp280_compensate_P_int64) refers to main.o(.bss.dig_P6) for dig_P6
    main.o(.text.bmp280_compensate_P_int64) refers to main.o(.bss.dig_P5) for dig_P5
    main.o(.text.bmp280_compensate_P_int64) refers to main.o(.bss.dig_P4) for dig_P4
    main.o(.text.bmp280_compensate_P_int64) refers to llsdiv.o(.text) for __aeabi_ldivmod
    main.o(.text.bmp280_compensate_P_int64) refers to main.o(.bss.dig_P9) for dig_P9
    main.o(.text.bmp280_compensate_P_int64) refers to main.o(.bss.dig_P8) for dig_P8
    main.o(.text.bmp280_compensate_P_int64) refers to main.o(.bss.dig_P7) for dig_P7
    main.o(.ARM.exidx.text.bmp280_compensate_P_int64) refers to main.o(.text.bmp280_compensate_P_int64) for [Anonymous Symbol]
    main.o(.text.uart_centi) refers to main.o(.text.uart_putc) for uart_putc
    main.o(.text.uart_centi) refers to main.o(.text.uart_u32) for uart_u32
    main.o(.ARM.exidx.text.uart_centi) refers to main.o(.text.uart_centi) for [Anonymous Symbol]
    main.o(.text.uart_u32) refers to main.o(.text.uart_putc) for uart_putc
    main.o(.ARM.exidx.text.uart_u32) refers to main.o(.text.uart_u32) for [Anonymous Symbol]
    main.o(.ARM.exidx.text.uart_putc) refers to main.o(.text.uart_putc) for [Anonymous Symbol]
    main.o(.ARM.exidx.text.i2c_write) refers to main.o(.text.i2c_write) for [Anonymous Symbol]
    main.o(.ARM.exidx.text.i2c_read_n) refers to main.o(.text.i2c_read_n) for [Anonymous Symbol]
    llsdiv.o(.text) refers to lludivv7m.o(.text) for __aeabi_uldivmod
    __main.o(!!!main) refers to __rtentry.o(.ARM.Collect$$rtentry$$00000000) for __rt_entry
    __rtentry.o(.ARM.Collect$$rtentry$$00000000) refers (Special) to __rtentry2.o(.ARM.Collect$$rtentry$$0000000A) for __rt_entry_li
    __rtentry.o(.ARM.Collect$$rtentry$$00000000) refers (Special) to __rtentry2.o(.ARM.Collect$$rtentry$$0000000D) for __rt_entry_main
    __rtentry.o(.ARM.Collect$$rtentry$$00000000) refers (Special) to __rtentry2.o(.ARM.Collect$$rtentry$$0000000C) for __rt_entry_postli_1
    __rtentry.o(.ARM.Collect$$rtentry$$00000000) refers (Special) to __rtentry2.o(.ARM.Collect$$rtentry$$00000009) for __rt_entry_postsh_1
    __rtentry.o(.ARM.Collect$$rtentry$$00000000) refers (Special) to __rtentry2.o(.ARM.Collect$$rtentry$$00000002) for __rt_entry_presh_1
    __rtentry.o(.ARM.Collect$$rtentry$$00000000) refers (Special) to __rtentry4.o(.ARM.Collect$$rtentry$$00000004) for __rt_entry_sh
    aeabi_ldiv0_sigfpe.o(.text) refers to rt_div0.o(.text) for __rt_div0
    __rtentry2.o(.ARM.Collect$$rtentry$$00000008) refers to boardinit2.o(.text) for _platform_post_stackheap_init
    __rtentry2.o(.ARM.Collect$$rtentry$$0000000A) refers to libinit.o(.ARM.Collect$$libinit$$00000000) for __rt_lib_init
    __rtentry2.o(.ARM.Collect$$rtentry$$0000000B) refers to boardinit3.o(.text) for _platform_post_lib_init
    __rtentry2.o(.ARM.Collect$$rtentry$$0000000D) refers to main.o(.text.main) for main
    __rtentry2.o(.ARM.Collect$$rtentry$$0000000D) refers to exit.o(.text) for exit
    __rtentry2.o(.ARM.exidx) refers to __rtentry2.o(.ARM.Collect$$rtentry$$00000001) for .ARM.Collect$$rtentry$$00000001
    __rtentry2.o(.ARM.exidx) refers to __rtentry2.o(.ARM.Collect$$rtentry$$00000008) for .ARM.Collect$$rtentry$$00000008
    __rtentry2.o(.ARM.exidx) refers to __rtentry2.o(.ARM.Collect$$rtentry$$0000000A) for .ARM.Collect$$rtentry$$0000000A
    __rtentry2.o(.ARM.exidx) refers to __rtentry2.o(.ARM.Collect$$rtentry$$0000000B) for .ARM.Collect$$rtentry$$0000000B
    __rtentry2.o(.ARM.exidx) refers to __rtentry2.o(.ARM.Collect$$rtentry$$0000000D) for .ARM.Collect$$rtentry$$0000000D
    __rtentry4.o(.ARM.Collect$$rtentry$$00000004) refers to sys_stackheap_outer.o(.text) for __user_setup_stackheap
    __rtentry4.o(.ARM.exidx) refers to __rtentry4.o(.ARM.Collect$$rtentry$$00000004) for .ARM.Collect$$rtentry$$00000004
    rt_div0.o(.text) refers to defsig_fpe_outer.o(.text) for __rt_SIGFPE
    sys_stackheap_outer.o(.text) refers to libspace.o(.text) for __user_perproc_libspace
    sys_stackheap_outer.o(.text) refers to startup_aducrf101.o(.text) for __user_initial_stackheap
    exit.o(.text) refers to rtexit.o(.ARM.Collect$$rtexit$$00000000) for __rt_exit
    defsig_fpe_outer.o(.text) refers to defsig_fpe_inner.o(.text) for __rt_SIGFPE_inner
    defsig_fpe_outer.o(.text) refers to defsig_exit.o(.text) for __sig_exit
    defsig_fpe_formal.o(.text) refers to rt_raise.o(.text) for __rt_raise
    libinit.o(.ARM.Collect$$libinit$$00000000) refers (Special) to libinit2.o(.ARM.Collect$$libinit$$0000002E) for __rt_lib_init_alloca_1
    libinit.o(.ARM.Collect$$libinit$$00000000) refers (Special) to libinit2.o(.ARM.Collect$$libinit$$0000002C) for __rt_lib_init_argv_1
    libinit.o(.ARM.Collect$$libinit$$00000000) refers (Special) to libinit2.o(.ARM.Collect$$libinit$$0000001B) for __rt_lib_init_atexit_1
    libinit.o(.ARM.Collect$$libinit$$00000000) refers (Special) to libinit2.o(.ARM.Collect$$libinit$$00000021) for __rt_lib_init_clock_1
    libinit.o(.ARM.Collect$$libinit$$00000000) refers (Special) to libinit2.o(.ARM.Collect$$libinit$$00000032) for __rt_lib_init_cpp_1
    libinit.o(.ARM.Collect$$libinit$$00000000) refers (Special) to libinit2.o(.ARM.Collect$$libinit$$00000030) for __rt_lib_init_exceptions_1
    libinit.o(.ARM.Collect$$libinit$$00000000) refers (Special) to libinit2.o(.ARM.Collect$$libinit$$00000002) for __rt_lib_init_fp_1
    libinit.o(.ARM.Collect$$libinit$$00000000) refers (Special) to libinit2.o(.ARM.Collect$$libinit$$0000001F) for __rt_lib_init_fp_trap_1
    libinit.o(.ARM.Collect$$libinit$$00000000) refers (Special) to libinit2.o(.ARM.Collect$$libinit$$00000023) for __rt_lib_init_getenv_1
    libinit.o(.ARM.Collect$$libinit$$00000000) refers (Special) to libinit2.o(.ARM.Collect$$libinit$$0000000A) for __rt_lib_init_heap_1
    libinit.o(.ARM.Collect$$libinit$$00000000) refers (Special) to libinit2.o(.ARM.Collect$$libinit$$00000011) for __rt_lib_init_lc_collate_1
    libinit.o(.ARM.Collect$$libinit$$00000000) refers (Special) to libinit2.o(.ARM.Collect$$libinit$$00000013) for __rt_lib_init_lc_ctype_1
    libinit.o(.ARM.Collect$$libinit$$00000000) refers (Special) to libinit2.o(.ARM.Collect$$libinit$$00000015) for __rt_lib_init_lc_monetary_1
    libinit.o(.ARM.Collect$$libinit$$00000000) refers (Special) to libinit2.o(.ARM.Collect$$libinit$$00000017) for __rt_lib_init_lc_numeric_1
    libinit.o(.ARM.Collect$$libinit$$00000000) refers (Special) to libinit2.o(.ARM.Collect$$libinit$$00000019) for __rt_lib_init_lc_time_1
    libinit.o(.ARM.Collect$$libinit$$00000000) refers (Special) to libinit2.o(.ARM.Collect$$libinit$$00000004) for __rt_lib_init_preinit_1
    libinit.o(.ARM.Collect$$libinit$$00000000) refers (Special) to libinit2.o(.ARM.Collect$$libinit$$0000000E) for __rt_lib_init_rand_1
    libinit.o(.ARM.Collect$$libinit$$00000000) refers (Special) to libinit2.o(.ARM.Collect$$libinit$$00000033) for __rt_lib_init_return
    libinit.o(.ARM.Collect$$libinit$$00000000) refers (Special) to libinit2.o(.ARM.Collect$$libinit$$0000001D) for __rt_lib_init_signal_1
    libinit.o(.ARM.Collect$$libinit$$00000000) refers (Special) to libinit2.o(.ARM.Collect$$libinit$$00000025) for __rt_lib_init_stdio_1
    libinit.o(.ARM.Collect$$libinit$$00000000) refers (Special) to libinit2.o(.ARM.Collect$$libinit$$0000000C) for __rt_lib_init_user_alloc_1
    libspace.o(.text) refers to libspace.o(.bss) for __libspace_start
    rtexit.o(.ARM.Collect$$rtexit$$00000000) refers (Special) to rtexit2.o(.ARM.Collect$$rtexit$$00000004) for __rt_exit_exit
    rtexit.o(.ARM.Collect$$rtexit$$00000000) refers (Special) to rtexit2.o(.ARM.Collect$$rtexit$$00000003) for __rt_exit_ls
    rtexit.o(.ARM.Collect$$rtexit$$00000000) refers (Special) to rtexit2.o(.ARM.Collect$$rtexit$$00000002) for __rt_exit_prels_1
    rtexit.o(.ARM.exidx) refers (Special) to rtexit2.o(.ARM.Collect$$rtexit$$00000004) for __rt_exit_exit
    rtexit.o(.ARM.exidx) refers (Special) to rtexit2.o(.ARM.Collect$$rtexit$$00000003) for __rt_exit_ls
    rtexit.o(.ARM.exidx) refers (Special) to rtexit2.o(.ARM.Collect$$rtexit$$00000002) for __rt_exit_prels_1
    rtexit.o(.ARM.exidx) refers to rtexit.o(.ARM.Collect$$rtexit$$00000000) for .ARM.Collect$$rtexit$$00000000
    rt_raise.o(.text) refers to __raise.o(.text) for __raise
    rt_raise.o(.text) refers to sys_exit.o(.text) for _sys_exit
    defsig_exit.o(.text) refers to sys_exit.o(.text) for _sys_exit
    defsig_fpe_inner.o(.text) refers to defsig_general.o(.text) for __default_signal_display
    libinit2.o(.ARM.Collect$$libinit$$00000010) refers to libinit2.o(.ARM.Collect$$libinit$$0000000F) for .ARM.Collect$$libinit$$0000000F
    libinit2.o(.ARM.Collect$$libinit$$00000012) refers to libinit2.o(.ARM.Collect$$libinit$$0000000F) for .ARM.Collect$$libinit$$0000000F
    libinit2.o(.ARM.Collect$$libinit$$00000014) refers to libinit2.o(.ARM.Collect$$libinit$$0000000F) for .ARM.Collect$$libinit$$0000000F
    libinit2.o(.ARM.Collect$$libinit$$00000016) refers to libinit2.o(.ARM.Collect$$libinit$$0000000F) for .ARM.Collect$$libinit$$0000000F
    libinit2.o(.ARM.Collect$$libinit$$00000018) refers to libinit2.o(.ARM.Collect$$libinit$$0000000F) for .ARM.Collect$$libinit$$0000000F
    libinit2.o(.ARM.Collect$$libinit$$00000026) refers to argv_veneer.o(.emb_text) for __ARM_argv_veneer
    libinit2.o(.ARM.Collect$$libinit$$00000027) refers to argv_veneer.o(.emb_text) for __ARM_argv_veneer
    sys_exit.o(.text) refers (Special) to use_no_semi.o(.text) for __I$use$semihosting
    sys_exit.o(.text) refers (Special) to indicate_semi.o(.text) for __semihosting_library_function
    sys_exit_hlt.o(.text) refers (Special) to use_no_semi.o(.text) for __I$use$semihosting
    sys_exit_hlt.o(.text) refers (Special) to indicate_semi.o(.text) for __semihosting_library_function
    rtexit2.o(.ARM.Collect$$rtexit$$00000003) refers to libshutdown.o(.ARM.Collect$$libshutdown$$00000000) for __rt_lib_shutdown
    rtexit2.o(.ARM.Collect$$rtexit$$00000004) refers to sys_exit.o(.text) for _sys_exit
    rtexit2.o(.ARM.exidx) refers to rtexit2.o(.ARM.Collect$$rtexit$$00000001) for .ARM.Collect$$rtexit$$00000001
    rtexit2.o(.ARM.exidx) refers to rtexit2.o(.ARM.Collect$$rtexit$$00000003) for .ARM.Collect$$rtexit$$00000003
    rtexit2.o(.ARM.exidx) refers to rtexit2.o(.ARM.Collect$$rtexit$$00000004) for .ARM.Collect$$rtexit$$00000004
    __raise.o(.text) refers to defsig.o(CL$$defsig) for __default_signal_handler
    defsig_general.o(.text) refers to sys_wrch.o(.text) for _ttywrch
    argv_veneer.o(.emb_text) refers to no_argv.o(.text) for __ARM_get_argv
    sys_wrch.o(.text) refers (Special) to use_no_semi.o(.text) for __I$use$semihosting
    sys_wrch.o(.text) refers (Special) to indicate_semi.o(.text) for __semihosting_library_function
    sys_wrch_hlt.o(.text) refers (Special) to use_no_semi.o(.text) for __I$use$semihosting
    sys_wrch_hlt.o(.text) refers (Special) to indicate_semi.o(.text) for __semihosting_library_function
    defsig.o(CL$$defsig) refers to defsig_fpe_inner.o(.text) for __rt_SIGFPE_inner
    defsig.o(CL$$defsig) refers to defsig_rtmem_inner.o(.text) for __rt_SIGRTMEM_inner
    _get_argv_nomalloc.o(.text) refers (Special) to hrguard.o(.text) for __heap_region$guard
    _get_argv_nomalloc.o(.text) refers to defsig_rtmem_outer.o(.text) for __rt_SIGRTMEM
    _get_argv_nomalloc.o(.text) refers to sys_command.o(.text) for _sys_command_string
    libshutdown.o(.ARM.Collect$$libshutdown$$00000000) refers (Special) to libshutdown2.o(.ARM.Collect$$libshutdown$$00000002) for __rt_lib_shutdown_cpp_1
    libshutdown.o(.ARM.Collect$$libshutdown$$00000000) refers (Special) to libshutdown2.o(.ARM.Collect$$libshutdown$$00000007) for __rt_lib_shutdown_fp_trap_1
    libshutdown.o(.ARM.Collect$$libshutdown$$00000000) refers (Special) to libshutdown2.o(.ARM.Collect$$libshutdown$$0000000F) for __rt_lib_shutdown_heap_1
    libshutdown.o(.ARM.Collect$$libshutdown$$00000000) refers (Special) to libshutdown2.o(.ARM.Collect$$libshutdown$$00000010) for __rt_lib_shutdown_return
    libshutdown.o(.ARM.Collect$$libshutdown$$00000000) refers (Special) to libshutdown2.o(.ARM.Collect$$libshutdown$$0000000A) for __rt_lib_shutdown_signal_1
    libshutdown.o(.ARM.Collect$$libshutdown$$00000000) refers (Special) to libshutdown2.o(.ARM.Collect$$libshutdown$$00000004) for __rt_lib_shutdown_stdio_1
    libshutdown.o(.ARM.Collect$$libshutdown$$00000000) refers (Special) to libshutdown2.o(.ARM.Collect$$libshutdown$$0000000C) for __rt_lib_shutdown_user_alloc_1
    sys_command.o(.text) refers (Special) to use_no_semi.o(.text) for __I$use$semihosting
    sys_command.o(.text) refers (Special) to indicate_semi.o(.text) for __semihosting_library_function
    sys_command_hlt.o(.text) refers (Special) to use_no_semi.o(.text) for __I$use$semihosting
    sys_command_hlt.o(.text) refers (Special) to indicate_semi.o(.text) for __semihosting_library_function
    defsig_abrt_inner.o(.text) refers to defsig_general.o(.text) for __default_signal_display
    defsig_rtred_inner.o(.text) refers to defsig_general.o(.text) for __default_signal_display
    defsig_rtmem_inner.o(.text) refers to defsig_general.o(.text) for __default_signal_display
    defsig_rtmem_outer.o(.text) refers to defsig_rtmem_inner.o(.text) for __rt_SIGRTMEM_inner
    defsig_rtmem_outer.o(.text) refers to defsig_exit.o(.text) for __sig_exit
    defsig_rtmem_formal.o(.text) refers to rt_raise.o(.text) for __rt_raise
    defsig_stak_inner.o(.text) refers to defsig_general.o(.text) for __default_signal_display
    defsig_pvfn_inner.o(.text) refers to defsig_general.o(.text) for __default_signal_display
    defsig_cppl_inner.o(.text) refers to defsig_general.o(.text) for __default_signal_display
    defsig_segv_inner.o(.text) refers to defsig_general.o(.text) for __default_signal_display
    defsig_other.o(.text) refers to defsig_general.o(.text) for __default_signal_display


==============================================================================

Removing Unused input sections from the image.

    Removing system_aducrf101.o(.text), (0 bytes).
    Removing system_aducrf101.o(.ARM.exidx.text.SystemCoreClockUpdate), (8 bytes).
    Removing system_aducrf101.o(.ARM.exidx.text.SystemInit), (8 bytes).
    Removing system_aducrf101.o(.text.SetSystemExtClkFreq), (12 bytes).
    Removing system_aducrf101.o(.ARM.exidx.text.SetSystemExtClkFreq), (8 bytes).
    Removing system_aducrf101.o(.text.GetSystemExtClkFreq), (12 bytes).
    Removing system_aducrf101.o(.ARM.exidx.text.GetSystemExtClkFreq), (8 bytes).
    Removing system_aducrf101.o(.text.SystemSetClockDivider), (34 bytes).
    Removing system_aducrf101.o(.ARM.exidx.text.SystemSetClockDivider), (8 bytes).
    Removing system_aducrf101.o(.text.SystemGetClockFrequency), (12 bytes).
    Removing system_aducrf101.o(.ARM.exidx.text.SystemGetClockFrequency), (8 bytes).
    Removing main.o(.text), (0 bytes).
    Removing main.o(.ARM.exidx.text.main), (8 bytes).
    Removing main.o(.ARM.exidx.text.uart_init), (8 bytes).
    Removing main.o(.ARM.exidx.text.i2c_init), (8 bytes).
    Removing main.o(.ARM.exidx.text.delay_ms), (8 bytes).
    Removing main.o(.ARM.exidx.text.uart_puts), (8 bytes).
    Removing main.o(.ARM.exidx.text.i2c_read_reg), (8 bytes).
    Removing main.o(.ARM.exidx.text.uart_hex8), (8 bytes).
    Removing main.o(.ARM.exidx.text.read_calibration), (8 bytes).
    Removing main.o(.ARM.exidx.text.i2c_write_reg), (8 bytes).
    Removing main.o(.ARM.exidx.text.i2c_read_regs), (8 bytes).
    Removing main.o(.ARM.exidx.text.bmp280_compensate_T_int32), (8 bytes).
    Removing main.o(.ARM.exidx.text.bmp280_compensate_P_int64), (8 bytes).
    Removing main.o(.ARM.exidx.text.uart_centi), (8 bytes).
    Removing main.o(.ARM.exidx.text.uart_u32), (8 bytes).
    Removing main.o(.ARM.exidx.text.uart_putc), (8 bytes).
    Removing main.o(.ARM.exidx.text.i2c_write), (8 bytes).
    Removing main.o(.ARM.exidx.text.i2c_read_n), (8 bytes).
    Removing main.o(.ARM.use_no_argv), (4 bytes).

30 unused section(s) (total 258 bytes) removed from the image.

==============================================================================

Image Symbol Table

    Local Symbols

    Symbol Name                              Value     Ov Type        Size  Object(Section)

    ../clib/angel/boardlib.s                 0x00000000   Number         0  boardinit1.o ABSOLUTE
    ../clib/angel/boardlib.s                 0x00000000   Number         0  boardinit2.o ABSOLUTE
    ../clib/angel/boardlib.s                 0x00000000   Number         0  boardinit3.o ABSOLUTE
    ../clib/angel/boardlib.s                 0x00000000   Number         0  boardshut.o ABSOLUTE
    ../clib/angel/handlers.s                 0x00000000   Number         0  __scatter_zi.o ABSOLUTE
    ../clib/angel/kernel.s                   0x00000000   Number         0  __rtentry.o ABSOLUTE
    ../clib/angel/kernel.s                   0x00000000   Number         0  __rtentry2.o ABSOLUTE
    ../clib/angel/kernel.s                   0x00000000   Number         0  __rtentry4.o ABSOLUTE
    ../clib/angel/kernel.s                   0x00000000   Number         0  rtexit.o ABSOLUTE
    ../clib/angel/kernel.s                   0x00000000   Number         0  rtexit2.o ABSOLUTE
    ../clib/angel/rt.s                       0x00000000   Number         0  aeabi_ldiv0.o ABSOLUTE
    ../clib/angel/rt.s                       0x00000000   Number         0  aeabi_ldiv0_sigfpe.o ABSOLUTE
    ../clib/angel/rt.s                       0x00000000   Number         0  rt_div0.o ABSOLUTE
    ../clib/angel/rt.s                       0x00000000   Number         0  rt_raise.o ABSOLUTE
    ../clib/angel/scatter.s                  0x00000000   Number         0  __scatter.o ABSOLUTE
    ../clib/angel/startup.s                  0x00000000   Number         0  __main.o ABSOLUTE
    ../clib/angel/sys.s                      0x00000000   Number         0  sys_stackheap_outer.o ABSOLUTE
    ../clib/angel/sys.s                      0x00000000   Number         0  libspace.o ABSOLUTE
    ../clib/angel/sys.s                      0x00000000   Number         0  use_no_semi.o ABSOLUTE
    ../clib/angel/sys.s                      0x00000000   Number         0  indicate_semi.o ABSOLUTE
    ../clib/angel/sysapp.c                   0x00000000   Number         0  sys_exit.o ABSOLUTE
    ../clib/angel/sysapp.c                   0x00000000   Number         0  sys_exit_hlt.o ABSOLUTE
    ../clib/angel/sysapp.c                   0x00000000   Number         0  sys_wrch.o ABSOLUTE
    ../clib/angel/sysapp.c                   0x00000000   Number         0  sys_wrch_hlt.o ABSOLUTE
    ../clib/angel/sysapp.c                   0x00000000   Number         0  sys_command.o ABSOLUTE
    ../clib/angel/sysapp.c                   0x00000000   Number         0  sys_command_hlt.o ABSOLUTE
    ../clib/armsys.c                         0x00000000   Number         0  argv_veneer.o ABSOLUTE
    ../clib/armsys.c                         0x00000000   Number         0  argv_veneer.o ABSOLUTE
    ../clib/armsys.c                         0x00000000   Number         0  _get_argv_nomalloc.o ABSOLUTE
    ../clib/armsys.c                         0x00000000   Number         0  no_argv.o ABSOLUTE
    ../clib/heapalloc.c                      0x00000000   Number         0  hrguard.o ABSOLUTE
    ../clib/heapaux.c                        0x00000000   Number         0  heapauxi.o ABSOLUTE
    ../clib/libinit.s                        0x00000000   Number         0  libinit.o ABSOLUTE
    ../clib/libinit.s                        0x00000000   Number         0  libinit2.o ABSOLUTE
    ../clib/libinit.s                        0x00000000   Number         0  libshutdown.o ABSOLUTE
    ../clib/libinit.s                        0x00000000   Number         0  libshutdown2.o ABSOLUTE
    ../clib/longlong.s                       0x00000000   Number         0  llsdiv.o ABSOLUTE
    ../clib/longlong.s                       0x00000000   Number         0  lludivv7m.o ABSOLUTE
    ../clib/signal.c                         0x00000000   Number         0  defsig_fpe_outer.o ABSOLUTE
    ../clib/signal.c                         0x00000000   Number         0  defsig_fpe_formal.o ABSOLUTE
    ../clib/signal.c                         0x00000000   Number         0  defsig_exit.o ABSOLUTE
    ../clib/signal.c                         0x00000000   Number         0  defsig_fpe_inner.o ABSOLUTE
    ../clib/signal.c                         0x00000000   Number         0  __raise.o ABSOLUTE
    ../clib/signal.c                         0x00000000   Number         0  defsig_general.o ABSOLUTE
    ../clib/signal.c                         0x00000000   Number         0  defsig_abrt_inner.o ABSOLUTE
    ../clib/signal.c                         0x00000000   Number         0  defsig_rtred_inner.o ABSOLUTE
    ../clib/signal.c                         0x00000000   Number         0  defsig_rtmem_inner.o ABSOLUTE
    ../clib/signal.c                         0x00000000   Number         0  defsig_rtmem_outer.o ABSOLUTE
    ../clib/signal.c                         0x00000000   Number         0  defsig_rtmem_formal.o ABSOLUTE
    ../clib/signal.c                         0x00000000   Number         0  defsig_stak_inner.o ABSOLUTE
    ../clib/signal.c                         0x00000000   Number         0  defsig_pvfn_inner.o ABSOLUTE
    ../clib/signal.c                         0x00000000   Number         0  defsig_cppl_inner.o ABSOLUTE
    ../clib/signal.c                         0x00000000   Number         0  defsig_segv_inner.o ABSOLUTE
    ../clib/signal.c                         0x00000000   Number         0  defsig_other.o ABSOLUTE
    ../clib/signal.s                         0x00000000   Number         0  defsig.o ABSOLUTE
    ../clib/stdlib.c                         0x00000000   Number         0  exit.o ABSOLUTE
    ../fplib/fpinit.s                        0x00000000   Number         0  fpinit.o ABSOLUTE
    ../fplib/fpinit_empty.s                  0x00000000   Number         0  fpinit_empty.o ABSOLUTE
    dc.s                                     0x00000000   Number         0  dc.o ABSOLUTE
    main.c                                   0x00000000   Number         0  main.o ABSOLUTE
    startup_ADuCRF101.s                      0x00000000   Number         0  startup_aducrf101.o ABSOLUTE
    system_ADuCRF101.c                       0x00000000   Number         0  system_aducrf101.o ABSOLUTE
    RESET                                    0x00000000   Section      192  startup_aducrf101.o(RESET)
    !!!main                                  0x000000c0   Section        8  __main.o(!!!main)
    !!!scatter                               0x000000c8   Section       52  __scatter.o(!!!scatter)
    !!handler_zi                             0x000000fc   Section       28  __scatter_zi.o(!!handler_zi)
    .ARM.Collect$$libinit$$00000000          0x00000118   Section        2  libinit.o(.ARM.Collect$$libinit$$00000000)
    .ARM.Collect$$libinit$$00000002          0x0000011a   Section        0  libinit2.o(.ARM.Collect$$libinit$$00000002)
    .ARM.Collect$$libinit$$00000004          0x0000011a   Section        0  libinit2.o(.ARM.Collect$$libinit$$00000004)
    .ARM.Collect$$libinit$$0000000A          0x0000011a   Section        0  libinit2.o(.ARM.Collect$$libinit$$0000000A)
    .ARM.Collect$$libinit$$0000000C          0x0000011a   Section        0  libinit2.o(.ARM.Collect$$libinit$$0000000C)
    .ARM.Collect$$libinit$$0000000E          0x0000011a   Section        0  libinit2.o(.ARM.Collect$$libinit$$0000000E)
    .ARM.Collect$$libinit$$00000011          0x0000011a   Section        0  libinit2.o(.ARM.Collect$$libinit$$00000011)
    .ARM.Collect$$libinit$$00000013          0x0000011a   Section        0  libinit2.o(.ARM.Collect$$libinit$$00000013)
    .ARM.Collect$$libinit$$00000015          0x0000011a   Section        0  libinit2.o(.ARM.Collect$$libinit$$00000015)
    .ARM.Collect$$libinit$$00000017          0x0000011a   Section        0  libinit2.o(.ARM.Collect$$libinit$$00000017)
    .ARM.Collect$$libinit$$00000019          0x0000011a   Section        0  libinit2.o(.ARM.Collect$$libinit$$00000019)
    .ARM.Collect$$libinit$$0000001B          0x0000011a   Section        0  libinit2.o(.ARM.Collect$$libinit$$0000001B)
    .ARM.Collect$$libinit$$0000001D          0x0000011a   Section        0  libinit2.o(.ARM.Collect$$libinit$$0000001D)
    .ARM.Collect$$libinit$$0000001F          0x0000011a   Section        0  libinit2.o(.ARM.Collect$$libinit$$0000001F)
    .ARM.Collect$$libinit$$00000021          0x0000011a   Section        0  libinit2.o(.ARM.Collect$$libinit$$00000021)
    .ARM.Collect$$libinit$$00000023          0x0000011a   Section        0  libinit2.o(.ARM.Collect$$libinit$$00000023)
    .ARM.Collect$$libinit$$00000025          0x0000011a   Section        0  libinit2.o(.ARM.Collect$$libinit$$00000025)
    .ARM.Collect$$libinit$$0000002C          0x0000011a   Section        0  libinit2.o(.ARM.Collect$$libinit$$0000002C)
    .ARM.Collect$$libinit$$0000002E          0x0000011a   Section        0  libinit2.o(.ARM.Collect$$libinit$$0000002E)
    .ARM.Collect$$libinit$$00000030          0x0000011a   Section        0  libinit2.o(.ARM.Collect$$libinit$$00000030)
    .ARM.Collect$$libinit$$00000032          0x0000011a   Section        0  libinit2.o(.ARM.Collect$$libinit$$00000032)
    .ARM.Collect$$libinit$$00000033          0x0000011a   Section        2  libinit2.o(.ARM.Collect$$libinit$$00000033)
    .ARM.Collect$$libshutdown$$00000000      0x0000011c   Section        2  libshutdown.o(.ARM.Collect$$libshutdown$$00000000)
    .ARM.Collect$$libshutdown$$00000002      0x0000011e   Section        0  libshutdown2.o(.ARM.Collect$$libshutdown$$00000002)
    .ARM.Collect$$libshutdown$$00000004      0x0000011e   Section        0  libshutdown2.o(.ARM.Collect$$libshutdown$$00000004)
    .ARM.Collect$$libshutdown$$00000007      0x0000011e   Section        0  libshutdown2.o(.ARM.Collect$$libshutdown$$00000007)
    .ARM.Collect$$libshutdown$$0000000A      0x0000011e   Section        0  libshutdown2.o(.ARM.Collect$$libshutdown$$0000000A)
    .ARM.Collect$$libshutdown$$0000000C      0x0000011e   Section        0  libshutdown2.o(.ARM.Collect$$libshutdown$$0000000C)
    .ARM.Collect$$libshutdown$$0000000F      0x0000011e   Section        0  libshutdown2.o(.ARM.Collect$$libshutdown$$0000000F)
    .ARM.Collect$$libshutdown$$00000010      0x0000011e   Section        2  libshutdown2.o(.ARM.Collect$$libshutdown$$00000010)
    .ARM.Collect$$rtentry$$00000000          0x00000120   Section        0  __rtentry.o(.ARM.Collect$$rtentry$$00000000)
    .ARM.Collect$$rtentry$$00000002          0x00000120   Section        0  __rtentry2.o(.ARM.Collect$$rtentry$$00000002)
    .ARM.Collect$$rtentry$$00000004          0x00000120   Section        6  __rtentry4.o(.ARM.Collect$$rtentry$$00000004)
    .ARM.Collect$$rtentry$$00000009          0x00000126   Section        0  __rtentry2.o(.ARM.Collect$$rtentry$$00000009)
    .ARM.Collect$$rtentry$$0000000A          0x00000126   Section        4  __rtentry2.o(.ARM.Collect$$rtentry$$0000000A)
    .ARM.Collect$$rtentry$$0000000C          0x0000012a   Section        0  __rtentry2.o(.ARM.Collect$$rtentry$$0000000C)
    .ARM.Collect$$rtentry$$0000000D          0x0000012a   Section        8  __rtentry2.o(.ARM.Collect$$rtentry$$0000000D)
    .ARM.Collect$$rtexit$$00000000           0x00000132   Section        2  rtexit.o(.ARM.Collect$$rtexit$$00000000)
    .ARM.Collect$$rtexit$$00000002           0x00000134   Section        0  rtexit2.o(.ARM.Collect$$rtexit$$00000002)
    .ARM.Collect$$rtexit$$00000003           0x00000134   Section        4  rtexit2.o(.ARM.Collect$$rtexit$$00000003)
    .ARM.Collect$$rtexit$$00000004           0x00000138   Section        6  rtexit2.o(.ARM.Collect$$rtexit$$00000004)
    .text                                    0x00000140   Section       64  startup_aducrf101.o(.text)
    .text                                    0x00000180   Section      116  llsdiv.o(.text)
    .text                                    0x000001f4   Section        0  heapauxi.o(.text)
    .text                                    0x000001fa   Section      240  lludivv7m.o(.text)
    .text                                    0x000002ea   Section       74  sys_stackheap_outer.o(.text)
    .text                                    0x00000334   Section        0  exit.o(.text)
    .text                                    0x00000348   Section        8  libspace.o(.text)
    .text                                    0x00000350   Section        0  sys_exit.o(.text)
    .text                                    0x0000035c   Section        2  use_no_semi.o(.text)
    .text                                    0x0000035e   Section        0  indicate_semi.o(.text)
    [Anonymous Symbol]                       0x00000360   Section        0  system_aducrf101.o(.text.SystemCoreClockUpdate)
    [Anonymous Symbol]                       0x000003b4   Section        0  system_aducrf101.o(.text.SystemInit)
    bmp280_compensate_P_int64                0x000003cd   Thumb Code   402  main.o(.text.bmp280_compensate_P_int64)
    [Anonymous Symbol]                       0x000003cc   Section        0  main.o(.text.bmp280_compensate_P_int64)
    bmp280_compensate_T_int32                0x00000561   Thumb Code    78  main.o(.text.bmp280_compensate_T_int32)
    [Anonymous Symbol]                       0x00000560   Section        0  main.o(.text.bmp280_compensate_T_int32)
    delay_ms                                 0x000005b1   Thumb Code    38  main.o(.text.delay_ms)
    [Anonymous Symbol]                       0x000005b0   Section        0  main.o(.text.delay_ms)
    i2c_init                                 0x000005d9   Thumb Code    40  main.o(.text.i2c_init)
    [Anonymous Symbol]                       0x000005d8   Section        0  main.o(.text.i2c_init)
    i2c_read_n                               0x00000601   Thumb Code   126  main.o(.text.i2c_read_n)
    [Anonymous Symbol]                       0x00000600   Section        0  main.o(.text.i2c_read_n)
    i2c_read_reg                             0x00000681   Thumb Code    40  main.o(.text.i2c_read_reg)
    [Anonymous Symbol]                       0x00000680   Section        0  main.o(.text.i2c_read_reg)
    i2c_read_regs                            0x000006a9   Thumb Code    40  main.o(.text.i2c_read_regs)
    [Anonymous Symbol]                       0x000006a8   Section        0  main.o(.text.i2c_read_regs)
    i2c_write                                0x000006d1   Thumb Code   132  main.o(.text.i2c_write)
    [Anonymous Symbol]                       0x000006d0   Section        0  main.o(.text.i2c_write)
    i2c_write_reg                            0x00000755   Thumb Code    26  main.o(.text.i2c_write_reg)
    [Anonymous Symbol]                       0x00000754   Section        0  main.o(.text.i2c_write_reg)
    [Anonymous Symbol]                       0x00000770   Section        0  main.o(.text.main)
    read_calibration                         0x00000939   Thumb Code   194  main.o(.text.read_calibration)
    [Anonymous Symbol]                       0x00000938   Section        0  main.o(.text.read_calibration)
    uart_centi                               0x000009fd   Thumb Code   100  main.o(.text.uart_centi)
    [Anonymous Symbol]                       0x000009fc   Section        0  main.o(.text.uart_centi)
    uart_hex8                                0x00000a61   Thumb Code    44  main.o(.text.uart_hex8)
    [Anonymous Symbol]                       0x00000a60   Section        0  main.o(.text.uart_hex8)
    uart_init                                0x00000a8d   Thumb Code    44  main.o(.text.uart_init)
    [Anonymous Symbol]                       0x00000a8c   Section        0  main.o(.text.uart_init)
    uart_putc                                0x00000ab9   Thumb Code    18  main.o(.text.uart_putc)
    [Anonymous Symbol]                       0x00000ab8   Section        0  main.o(.text.uart_putc)
    uart_puts                                0x00000acd   Thumb Code    28  main.o(.text.uart_puts)
    [Anonymous Symbol]                       0x00000acc   Section        0  main.o(.text.uart_puts)
    uart_u32                                 0x00000ae9   Thumb Code    76  main.o(.text.uart_u32)
    [Anonymous Symbol]                       0x00000ae8   Section        0  main.o(.text.uart_u32)
    .L.str.6                                 0x00000b34   Data          46  main.o(.rodata.str1.1)
    [Anonymous Symbol]                       0x00000b34   Section        0  main.o(.rodata.str1.1)
    .L.str.1                                 0x00000b62   Data          51  main.o(.rodata.str1.1)
    .L.str.2                                 0x00000b95   Data          54  main.o(.rodata.str1.1)
    .L.str.8                                 0x00000bcb   Data          27  main.o(.rodata.str1.1)
    .L.str.7                                 0x00000be6   Data          36  main.o(.rodata.str1.1)
    uart_hex8.h                              0x00000c0a   Data          17  main.o(.rodata.str1.1)
    .bss                                     0x20000000   Section       96  libspace.o(.bss)
    SystemExtClock                           0x20000060   Data           4  system_aducrf101.o(.bss.SystemExtClock)
    dig_P1                                   0x20000064   Data           2  main.o(.bss.dig_P1)
    dig_P2                                   0x20000066   Data           2  main.o(.bss.dig_P2)
    dig_P3                                   0x20000068   Data           2  main.o(.bss.dig_P3)
    dig_P4                                   0x2000006a   Data           2  main.o(.bss.dig_P4)
    dig_P5                                   0x2000006c   Data           2  main.o(.bss.dig_P5)
    dig_P6                                   0x2000006e   Data           2  main.o(.bss.dig_P6)
    dig_P7                                   0x20000070   Data           2  main.o(.bss.dig_P7)
    dig_P8                                   0x20000072   Data           2  main.o(.bss.dig_P8)
    dig_P9                                   0x20000074   Data           2  main.o(.bss.dig_P9)
    dig_T1                                   0x20000076   Data           2  main.o(.bss.dig_T1)
    dig_T2                                   0x20000078   Data           2  main.o(.bss.dig_T2)
    dig_T3                                   0x2000007a   Data           2  main.o(.bss.dig_T3)
    t_fine                                   0x2000007c   Data           4  main.o(.bss.t_fine)
    uClk                                     0x20000080   Data           4  system_aducrf101.o(.bss.uClk)
    uClkDiv                                  0x20000084   Data           4  system_aducrf101.o(.bss.uClkDiv)
    Heap_Mem                                 0x20000088   Data         512  startup_aducrf101.o(HEAP)
    HEAP                                     0x20000088   Section      512  startup_aducrf101.o(HEAP)
    Stack_Mem                                0x20000288   Data        1024  startup_aducrf101.o(STACK)
    STACK                                    0x20000288   Section     1024  startup_aducrf101.o(STACK)
    __initial_sp                             0x20000688   Data           0  startup_aducrf101.o(STACK)

    Global Symbols

    Symbol Name                              Value     Ov Type        Size  Object(Section)

    BuildAttributes$$THM_ISAv4$P$D$K$B$S$PE$A:L22UL41UL21$X:L11$S22US41US21$IEEE1$IW$~IW$USESV6$~STKCKD$USESV7$~SHL$OTIME$ROPI$EBA8$UX$STANDARDLIB$REQ8$PRES8$EABIv2 0x00000000   Number         0  anon$$obj.o ABSOLUTE
    __Vectors                                0x00000000   Data           4  startup_aducrf101.o(RESET)
    __fp_init_empty                          0x00000000   Number         0  fpinit_empty.o ABSOLUTE
    __ARM_exceptions_init                     - Undefined Weak Reference
    __alloca_initialize                       - Undefined Weak Reference
    __arm_preinit_                            - Undefined Weak Reference
    __cpp_initialize__aeabi_                  - Undefined Weak Reference
    __cxa_finalize                            - Undefined Weak Reference
    __rt_locale                               - Undefined Weak Reference
    __sigvec_lookup                           - Undefined Weak Reference
    _atexit_init                              - Undefined Weak Reference
    _call_atexit_fns                          - Undefined Weak Reference
    _clock_init                               - Undefined Weak Reference
    _fp_trap_init                             - Undefined Weak Reference
    _fp_trap_shutdown                         - Undefined Weak Reference
    _get_lc_collate                           - Undefined Weak Reference
    _get_lc_ctype                             - Undefined Weak Reference
    _get_lc_monetary                          - Undefined Weak Reference
    _get_lc_numeric                           - Undefined Weak Reference
    _get_lc_time                              - Undefined Weak Reference
    _getenv_init                              - Undefined Weak Reference
    _handle_redirection                       - Undefined Weak Reference
    _init_alloc                               - Undefined Weak Reference
    _init_user_alloc                          - Undefined Weak Reference
    _initio                                   - Undefined Weak Reference
    _rand_init                                - Undefined Weak Reference
    _signal_finish                            - Undefined Weak Reference
    _signal_init                              - Undefined Weak Reference
    _terminate_alloc                          - Undefined Weak Reference
    _terminate_user_alloc                     - Undefined Weak Reference
    _terminateio                              - Undefined Weak Reference
    __Vectors_End                            0x000000c0   Data           0  startup_aducrf101.o(RESET)
    __Vectors_Size                           0x000000c0   Number         0  startup_aducrf101.o ABSOLUTE
    __main                                   0x000000c1   Thumb Code     8  __main.o(!!!main)
    __scatterload                            0x000000c9   Thumb Code     0  __scatter.o(!!!scatter)
    __scatterload_rt2                        0x000000c9   Thumb Code    44  __scatter.o(!!!scatter)
    __scatterload_rt2_thumb_only             0x000000c9   Thumb Code     0  __scatter.o(!!!scatter)
    __scatterload_null                       0x000000d7   Thumb Code     0  __scatter.o(!!!scatter)
    __scatterload_zeroinit                   0x000000fd   Thumb Code    28  __scatter_zi.o(!!handler_zi)
    __rt_lib_init                            0x00000119   Thumb Code     0  libinit.o(.ARM.Collect$$libinit$$00000000)
    __rt_lib_init_alloca_1                   0x0000011b   Thumb Code     0  libinit2.o(.ARM.Collect$$libinit$$0000002E)
    __rt_lib_init_argv_1                     0x0000011b   Thumb Code     0  libinit2.o(.ARM.Collect$$libinit$$0000002C)
    __rt_lib_init_atexit_1                   0x0000011b   Thumb Code     0  libinit2.o(.ARM.Collect$$libinit$$0000001B)
    __rt_lib_init_clock_1                    0x0000011b   Thumb Code     0  libinit2.o(.ARM.Collect$$libinit$$00000021)
    __rt_lib_init_cpp_1                      0x0000011b   Thumb Code     0  libinit2.o(.ARM.Collect$$libinit$$00000032)
    __rt_lib_init_exceptions_1               0x0000011b   Thumb Code     0  libinit2.o(.ARM.Collect$$libinit$$00000030)
    __rt_lib_init_fp_1                       0x0000011b   Thumb Code     0  libinit2.o(.ARM.Collect$$libinit$$00000002)
    __rt_lib_init_fp_trap_1                  0x0000011b   Thumb Code     0  libinit2.o(.ARM.Collect$$libinit$$0000001F)
    __rt_lib_init_getenv_1                   0x0000011b   Thumb Code     0  libinit2.o(.ARM.Collect$$libinit$$00000023)
    __rt_lib_init_heap_1                     0x0000011b   Thumb Code     0  libinit2.o(.ARM.Collect$$libinit$$0000000A)
    __rt_lib_init_lc_collate_1               0x0000011b   Thumb Code     0  libinit2.o(.ARM.Collect$$libinit$$00000011)
    __rt_lib_init_lc_ctype_1                 0x0000011b   Thumb Code     0  libinit2.o(.ARM.Collect$$libinit$$00000013)
    __rt_lib_init_lc_monetary_1              0x0000011b   Thumb Code     0  libinit2.o(.ARM.Collect$$libinit$$00000015)
    __rt_lib_init_lc_numeric_1               0x0000011b   Thumb Code     0  libinit2.o(.ARM.Collect$$libinit$$00000017)
    __rt_lib_init_lc_time_1                  0x0000011b   Thumb Code     0  libinit2.o(.ARM.Collect$$libinit$$00000019)
    __rt_lib_init_preinit_1                  0x0000011b   Thumb Code     0  libinit2.o(.ARM.Collect$$libinit$$00000004)
    __rt_lib_init_rand_1                     0x0000011b   Thumb Code     0  libinit2.o(.ARM.Collect$$libinit$$0000000E)
    __rt_lib_init_return                     0x0000011b   Thumb Code     0  libinit2.o(.ARM.Collect$$libinit$$00000033)
    __rt_lib_init_signal_1                   0x0000011b   Thumb Code     0  libinit2.o(.ARM.Collect$$libinit$$0000001D)
    __rt_lib_init_stdio_1                    0x0000011b   Thumb Code     0  libinit2.o(.ARM.Collect$$libinit$$00000025)
    __rt_lib_init_user_alloc_1               0x0000011b   Thumb Code     0  libinit2.o(.ARM.Collect$$libinit$$0000000C)
    __rt_lib_shutdown                        0x0000011d   Thumb Code     0  libshutdown.o(.ARM.Collect$$libshutdown$$00000000)
    __rt_lib_shutdown_cpp_1                  0x0000011f   Thumb Code     0  libshutdown2.o(.ARM.Collect$$libshutdown$$00000002)
    __rt_lib_shutdown_fp_trap_1              0x0000011f   Thumb Code     0  libshutdown2.o(.ARM.Collect$$libshutdown$$00000007)
    __rt_lib_shutdown_heap_1                 0x0000011f   Thumb Code     0  libshutdown2.o(.ARM.Collect$$libshutdown$$0000000F)
    __rt_lib_shutdown_return                 0x0000011f   Thumb Code     0  libshutdown2.o(.ARM.Collect$$libshutdown$$00000010)
    __rt_lib_shutdown_signal_1               0x0000011f   Thumb Code     0  libshutdown2.o(.ARM.Collect$$libshutdown$$0000000A)
    __rt_lib_shutdown_stdio_1                0x0000011f   Thumb Code     0  libshutdown2.o(.ARM.Collect$$libshutdown$$00000004)
    __rt_lib_shutdown_user_alloc_1           0x0000011f   Thumb Code     0  libshutdown2.o(.ARM.Collect$$libshutdown$$0000000C)
    __rt_entry                               0x00000121   Thumb Code     0  __rtentry.o(.ARM.Collect$$rtentry$$00000000)
    __rt_entry_presh_1                       0x00000121   Thumb Code     0  __rtentry2.o(.ARM.Collect$$rtentry$$00000002)
    __rt_entry_sh                            0x00000121   Thumb Code     0  __rtentry4.o(.ARM.Collect$$rtentry$$00000004)
    __rt_entry_li                            0x00000127   Thumb Code     0  __rtentry2.o(.ARM.Collect$$rtentry$$0000000A)
    __rt_entry_postsh_1                      0x00000127   Thumb Code     0  __rtentry2.o(.ARM.Collect$$rtentry$$00000009)
    __rt_entry_main                          0x0000012b   Thumb Code     0  __rtentry2.o(.ARM.Collect$$rtentry$$0000000D)
    __rt_entry_postli_1                      0x0000012b   Thumb Code     0  __rtentry2.o(.ARM.Collect$$rtentry$$0000000C)
    __rt_exit                                0x00000133   Thumb Code     0  rtexit.o(.ARM.Collect$$rtexit$$00000000)
    __rt_exit_ls                             0x00000135   Thumb Code     0  rtexit2.o(.ARM.Collect$$rtexit$$00000003)
    __rt_exit_prels_1                        0x00000135   Thumb Code     0  rtexit2.o(.ARM.Collect$$rtexit$$00000002)
    __rt_exit_exit                           0x00000139   Thumb Code     0  rtexit2.o(.ARM.Collect$$rtexit$$00000004)
    Reset_Handler                            0x00000141   Thumb Code     8  startup_aducrf101.o(.text)
    NMI_Handler                              0x00000149   Thumb Code     2  startup_aducrf101.o(.text)
    HardFault_Handler                        0x0000014b   Thumb Code     2  startup_aducrf101.o(.text)
    MemManage_Handler                        0x0000014d   Thumb Code     2  startup_aducrf101.o(.text)
    BusFault_Handler                         0x0000014f   Thumb Code     2  startup_aducrf101.o(.text)
    UsageFault_Handler                       0x00000151   Thumb Code     2  startup_aducrf101.o(.text)
    SVC_Handler                              0x00000153   Thumb Code     2  startup_aducrf101.o(.text)
    DebugMon_Handler                         0x00000155   Thumb Code     2  startup_aducrf101.o(.text)
    PendSV_Handler                           0x00000157   Thumb Code     2  startup_aducrf101.o(.text)
    SysTick_Handler                          0x00000159   Thumb Code     2  startup_aducrf101.o(.text)
    Default_Handler                          0x0000015b   Thumb Code     2  startup_aducrf101.o(.text)
    __user_initial_stackheap                 0x0000015d   Thumb Code    10  startup_aducrf101.o(.text)
    __aeabi_ldivmod                          0x00000181   Thumb Code     0  llsdiv.o(.text)
    _ll_sdiv                                 0x00000181   Thumb Code   116  llsdiv.o(.text)
    __use_two_region_memory                  0x000001f5   Thumb Code     2  heapauxi.o(.text)
    __rt_heap_escrow$2region                 0x000001f7   Thumb Code     2  heapauxi.o(.text)
    __rt_heap_expand$2region                 0x000001f9   Thumb Code     2  heapauxi.o(.text)
    __aeabi_uldivmod                         0x000001fb   Thumb Code     0  lludivv7m.o(.text)
    _ll_udiv                                 0x000001fb   Thumb Code   240  lludivv7m.o(.text)
    __user_setup_stackheap                   0x000002eb   Thumb Code    74  sys_stackheap_outer.o(.text)
    exit                                     0x00000335   Thumb Code    18  exit.o(.text)
    __user_libspace                          0x00000349   Thumb Code     8  libspace.o(.text)
    __user_perproc_libspace                  0x00000349   Thumb Code     0  libspace.o(.text)
    __user_perthread_libspace                0x00000349   Thumb Code     0  libspace.o(.text)
    _sys_exit                                0x00000351   Thumb Code     8  sys_exit.o(.text)
    __I$use$semihosting                      0x0000035d   Thumb Code     0  use_no_semi.o(.text)
    __use_no_semihosting_swi                 0x0000035d   Thumb Code     2  use_no_semi.o(.text)
    __semihosting_library_function           0x0000035f   Thumb Code     0  indicate_semi.o(.text)
    SystemCoreClockUpdate                    0x00000361   Thumb Code    84  system_aducrf101.o(.text.SystemCoreClockUpdate)
    SystemInit                               0x000003b5   Thumb Code    24  system_aducrf101.o(.text.SystemInit)
    main                                     0x00000771   Thumb Code   304  main.o(.text.main)
    Region$$Table$$Base                      0x00000c1c   Number         0  anon$$obj.o(Region$$Table)
    Region$$Table$$Limit                     0x00000c2c   Number         0  anon$$obj.o(Region$$Table)
    __libspace_start                         0x20000000   Data          96  libspace.o(.bss)
    __temporary_stack_top$libspace           0x20000060   Data           0  libspace.o(.bss)



==============================================================================

Memory Map of the image

  Image Entry point : 0x00000141

  Load Region LR_1 (Base: 0x00000000, Size: 0x00000c2c, Max: 0xffffffff, ABSOLUTE)

    Execution Region ER_RO (Exec base: 0x00000000, Load base: 0x00000000, Size: 0x00000c2c, Max: 0xffffffff, ABSOLUTE)

    Exec Addr    Load Addr    Size         Type   Attr      Idx    E Section Name        Object

    0x00000000   0x00000000   0x000000c0   Data   RO            3    RESET               startup_aducrf101.o
    0x000000c0   0x000000c0   0x00000008   Code   RO           75  * !!!main             c_w.l(__main.o)
    0x000000c8   0x000000c8   0x00000034   Code   RO          209    !!!scatter          c_w.l(__scatter.o)
    0x000000fc   0x000000fc   0x0000001c   Code   RO          210    !!handler_zi        c_w.l(__scatter_zi.o)
    0x00000118   0x00000118   0x00000002   Code   RO          103    .ARM.Collect$$libinit$$00000000  c_w.l(libinit.o)
    0x0000011a   0x0000011a   0x00000000   Code   RO          112    .ARM.Collect$$libinit$$00000002  c_w.l(libinit2.o)
    0x0000011a   0x0000011a   0x00000000   Code   RO          114    .ARM.Collect$$libinit$$00000004  c_w.l(libinit2.o)
    0x0000011a   0x0000011a   0x00000000   Code   RO          117    .ARM.Collect$$libinit$$0000000A  c_w.l(libinit2.o)
    0x0000011a   0x0000011a   0x00000000   Code   RO          119    .ARM.Collect$$libinit$$0000000C  c_w.l(libinit2.o)
    0x0000011a   0x0000011a   0x00000000   Code   RO          121    .ARM.Collect$$libinit$$0000000E  c_w.l(libinit2.o)
    0x0000011a   0x0000011a   0x00000000   Code   RO          124    .ARM.Collect$$libinit$$00000011  c_w.l(libinit2.o)
    0x0000011a   0x0000011a   0x00000000   Code   RO          126    .ARM.Collect$$libinit$$00000013  c_w.l(libinit2.o)
    0x0000011a   0x0000011a   0x00000000   Code   RO          128    .ARM.Collect$$libinit$$00000015  c_w.l(libinit2.o)
    0x0000011a   0x0000011a   0x00000000   Code   RO          130    .ARM.Collect$$libinit$$00000017  c_w.l(libinit2.o)
    0x0000011a   0x0000011a   0x00000000   Code   RO          132    .ARM.Collect$$libinit$$00000019  c_w.l(libinit2.o)
    0x0000011a   0x0000011a   0x00000000   Code   RO          134    .ARM.Collect$$libinit$$0000001B  c_w.l(libinit2.o)
    0x0000011a   0x0000011a   0x00000000   Code   RO          136    .ARM.Collect$$libinit$$0000001D  c_w.l(libinit2.o)
    0x0000011a   0x0000011a   0x00000000   Code   RO          138    .ARM.Collect$$libinit$$0000001F  c_w.l(libinit2.o)
    0x0000011a   0x0000011a   0x00000000   Code   RO          140    .ARM.Collect$$libinit$$00000021  c_w.l(libinit2.o)
    0x0000011a   0x0000011a   0x00000000   Code   RO          142    .ARM.Collect$$libinit$$00000023  c_w.l(libinit2.o)
    0x0000011a   0x0000011a   0x00000000   Code   RO          144    .ARM.Collect$$libinit$$00000025  c_w.l(libinit2.o)
    0x0000011a   0x0000011a   0x00000000   Code   RO          148    .ARM.Collect$$libinit$$0000002C  c_w.l(libinit2.o)
    0x0000011a   0x0000011a   0x00000000   Code   RO          150    .ARM.Collect$$libinit$$0000002E  c_w.l(libinit2.o)
    0x0000011a   0x0000011a   0x00000000   Code   RO          152    .ARM.Collect$$libinit$$00000030  c_w.l(libinit2.o)
    0x0000011a   0x0000011a   0x00000000   Code   RO          154    .ARM.Collect$$libinit$$00000032  c_w.l(libinit2.o)
    0x0000011a   0x0000011a   0x00000002   Code   RO          155    .ARM.Collect$$libinit$$00000033  c_w.l(libinit2.o)
    0x0000011c   0x0000011c   0x00000002   Code   RO          177    .ARM.Collect$$libshutdown$$00000000  c_w.l(libshutdown.o)
    0x0000011e   0x0000011e   0x00000000   Code   RO          192    .ARM.Collect$$libshutdown$$00000002  c_w.l(libshutdown2.o)
    0x0000011e   0x0000011e   0x00000000   Code   RO          194    .ARM.Collect$$libshutdown$$00000004  c_w.l(libshutdown2.o)
    0x0000011e   0x0000011e   0x00000000   Code   RO          197    .ARM.Collect$$libshutdown$$00000007  c_w.l(libshutdown2.o)
    0x0000011e   0x0000011e   0x00000000   Code   RO          200    .ARM.Collect$$libshutdown$$0000000A  c_w.l(libshutdown2.o)
    0x0000011e   0x0000011e   0x00000000   Code   RO          202    .ARM.Collect$$libshutdown$$0000000C  c_w.l(libshutdown2.o)
    0x0000011e   0x0000011e   0x00000000   Code   RO          205    .ARM.Collect$$libshutdown$$0000000F  c_w.l(libshutdown2.o)
    0x0000011e   0x0000011e   0x00000002   Code   RO          206    .ARM.Collect$$libshutdown$$00000010  c_w.l(libshutdown2.o)
    0x00000120   0x00000120   0x00000000   Code   RO           76    .ARM.Collect$$rtentry$$00000000  c_w.l(__rtentry.o)
    0x00000120   0x00000120   0x00000000   Code   RO           81    .ARM.Collect$$rtentry$$00000002  c_w.l(__rtentry2.o)
    0x00000120   0x00000120   0x00000006   Code   RO           93    .ARM.Collect$$rtentry$$00000004  c_w.l(__rtentry4.o)
    0x00000126   0x00000126   0x00000000   Code   RO           83    .ARM.Collect$$rtentry$$00000009  c_w.l(__rtentry2.o)
    0x00000126   0x00000126   0x00000004   Code   RO           84    .ARM.Collect$$rtentry$$0000000A  c_w.l(__rtentry2.o)
    0x0000012a   0x0000012a   0x00000000   Code   RO           86    .ARM.Collect$$rtentry$$0000000C  c_w.l(__rtentry2.o)
    0x0000012a   0x0000012a   0x00000008   Code   RO           87    .ARM.Collect$$rtentry$$0000000D  c_w.l(__rtentry2.o)
    0x00000132   0x00000132   0x00000002   Code   RO          106    .ARM.Collect$$rtexit$$00000000  c_w.l(rtexit.o)
    0x00000134   0x00000134   0x00000000   Code   RO          159    .ARM.Collect$$rtexit$$00000002  c_w.l(rtexit2.o)
    0x00000134   0x00000134   0x00000004   Code   RO          160    .ARM.Collect$$rtexit$$00000003  c_w.l(rtexit2.o)
    0x00000138   0x00000138   0x00000006   Code   RO          161    .ARM.Collect$$rtexit$$00000004  c_w.l(rtexit2.o)
    0x0000013e   0x0000013e   0x00000002   PAD
    0x00000140   0x00000140   0x00000040   Code   RO            4  * .text               startup_aducrf101.o
    0x00000180   0x00000180   0x00000074   Code   RO           73    .text               c_w.l(llsdiv.o)
    0x000001f4   0x000001f4   0x00000006   Code   RO           74    .text               c_w.l(heapauxi.o)
    0x000001fa   0x000001fa   0x000000f0   Code   RO           79    .text               c_w.l(lludivv7m.o)
    0x000002ea   0x000002ea   0x0000004a   Code   RO           96    .text               c_w.l(sys_stackheap_outer.o)
    0x00000334   0x00000334   0x00000012   Code   RO           97    .text               c_w.l(exit.o)
    0x00000346   0x00000346   0x00000002   PAD
    0x00000348   0x00000348   0x00000008   Code   RO          104    .text               c_w.l(libspace.o)
    0x00000350   0x00000350   0x0000000c   Code   RO          156    .text               c_w.l(sys_exit.o)
    0x0000035c   0x0000035c   0x00000002   Code   RO          171    .text               c_w.l(use_no_semi.o)
    0x0000035e   0x0000035e   0x00000000   Code   RO          172    .text               c_w.l(indicate_semi.o)
    0x0000035e   0x0000035e   0x00000002   PAD
    0x00000360   0x00000360   0x00000054   Code   RO            6    .text.SystemCoreClockUpdate  system_aducrf101.o
    0x000003b4   0x000003b4   0x00000018   Code   RO            8    .text.SystemInit    system_aducrf101.o
    0x000003cc   0x000003cc   0x00000192   Code   RO           44    .text.bmp280_compensate_P_int64  main.o
    0x0000055e   0x0000055e   0x00000002   PAD
    0x00000560   0x00000560   0x0000004e   Code   RO           42    .text.bmp280_compensate_T_int32  main.o
    0x000005ae   0x000005ae   0x00000002   PAD
    0x000005b0   0x000005b0   0x00000026   Code   RO           28    .text.delay_ms      main.o
    0x000005d6   0x000005d6   0x00000002   PAD
    0x000005d8   0x000005d8   0x00000028   Code   RO           26    .text.i2c_init      main.o
    0x00000600   0x00000600   0x0000007e   Code   RO           54    .text.i2c_read_n    main.o
    0x0000067e   0x0000067e   0x00000002   PAD
    0x00000680   0x00000680   0x00000028   Code   RO           32    .text.i2c_read_reg  main.o
    0x000006a8   0x000006a8   0x00000028   Code   RO           40    .text.i2c_read_regs  main.o
    0x000006d0   0x000006d0   0x00000084   Code   RO           52    .text.i2c_write     main.o
    0x00000754   0x00000754   0x0000001a   Code   RO           38    .text.i2c_write_reg  main.o
    0x0000076e   0x0000076e   0x00000002   PAD
    0x00000770   0x00000770   0x000001c8   Code   RO           22    .text.main          main.o
    0x00000938   0x00000938   0x000000c2   Code   RO           36    .text.read_calibration  main.o
    0x000009fa   0x000009fa   0x00000002   PAD
    0x000009fc   0x000009fc   0x00000064   Code   RO           46    .text.uart_centi    main.o
    0x00000a60   0x00000a60   0x0000002c   Code   RO           34    .text.uart_hex8     main.o
    0x00000a8c   0x00000a8c   0x0000002c   Code   RO           24    .text.uart_init     main.o
    0x00000ab8   0x00000ab8   0x00000012   Code   RO           50    .text.uart_putc     main.o
    0x00000aca   0x00000aca   0x00000002   PAD
    0x00000acc   0x00000acc   0x0000001c   Code   RO           30    .text.uart_puts     main.o
    0x00000ae8   0x00000ae8   0x0000004c   Code   RO           48    .text.uart_u32      main.o
    0x00000b34   0x00000b34   0x000000e7   Data   RO           56    .rodata.str1.1      main.o
    0x00000c1b   0x00000c1b   0x00000001   PAD
    0x00000c1c   0x00000c1c   0x00000010   Data   RO          208    Region$$Table       anon$$obj.o


    Execution Region ER_RW (Exec base: 0x20000000, Load base: 0x00000c2c, Size: 0x00000000, Max: 0xffffffff, ABSOLUTE)

    **** No section assigned to this execution region ****


    Execution Region ER_ZI (Exec base: 0x20000000, Load base: 0x00000c2c, Size: 0x00000688, Max: 0xffffffff, ABSOLUTE)

    Exec Addr    Load Addr    Size         Type   Attr      Idx    E Section Name        Object

    0x20000000        -       0x00000060   Zero   RW          105    .bss                c_w.l(libspace.o)
    0x20000060        -       0x00000004   Zero   RW           19    .bss.SystemExtClock  system_aducrf101.o
    0x20000064        -       0x00000002   Zero   RW           60    .bss.dig_P1         main.o
    0x20000066        -       0x00000002   Zero   RW           61    .bss.dig_P2         main.o
    0x20000068        -       0x00000002   Zero   RW           62    .bss.dig_P3         main.o
    0x2000006a        -       0x00000002   Zero   RW           63    .bss.dig_P4         main.o
    0x2000006c        -       0x00000002   Zero   RW           64    .bss.dig_P5         main.o
    0x2000006e        -       0x00000002   Zero   RW           65    .bss.dig_P6         main.o
    0x20000070        -       0x00000002   Zero   RW           66    .bss.dig_P7         main.o
    0x20000072        -       0x00000002   Zero   RW           67    .bss.dig_P8         main.o
    0x20000074        -       0x00000002   Zero   RW           68    .bss.dig_P9         main.o
    0x20000076        -       0x00000002   Zero   RW           57    .bss.dig_T1         main.o
    0x20000078        -       0x00000002   Zero   RW           58    .bss.dig_T2         main.o
    0x2000007a        -       0x00000002   Zero   RW           59    .bss.dig_T3         main.o
    0x2000007c        -       0x00000004   Zero   RW           69    .bss.t_fine         main.o
    0x20000080        -       0x00000004   Zero   RW           18    .bss.uClk           system_aducrf101.o
    0x20000084        -       0x00000004   Zero   RW           20    .bss.uClkDiv        system_aducrf101.o
    0x20000088        -       0x00000200   Zero   RW            2    HEAP                startup_aducrf101.o
    0x20000288        -       0x00000400   Zero   RW            1    STACK               startup_aducrf101.o


==============================================================================

Image component sizes


      Code (inc. data)   RO Data    RW Data    ZI Data      Debug   Object Name

      1882        152        231          0         28          0   main.o
        64         26        192          0       1536          0   startup_aducrf101.o
       108          4          0          0         12          0   system_aducrf101.o

    ----------------------------------------------------------------------
      2068        182        440          0       1576          0   Object Totals
         0          0         16          0          0          0   (incl. Generated)
        14          0          1          0          0          0   (incl. Padding)

    ----------------------------------------------------------------------

      Code (inc. data)   RO Data    RW Data    ZI Data      Debug   Library Member Name

         8          0          0          0          0          0   __main.o
         0          0          0          0          0          0   __rtentry.o
        12          0          0          0          0          0   __rtentry2.o
         6          0          0          0          0          0   __rtentry4.o
        52          8          0          0          0          0   __scatter.o
        28          0          0          0          0          0   __scatter_zi.o
        18          0          0          0          0          0   exit.o
         6          0          0          0          0          0   heapauxi.o
         0          0          0          0          0          0   indicate_semi.o
         2          0          0          0          0          0   libinit.o
         2          0          0          0          0          0   libinit2.o
         2          0          0          0          0          0   libshutdown.o
         2          0          0          0          0          0   libshutdown2.o
         8          4          0          0         96          0   libspace.o
       116          0          0          0          0          0   llsdiv.o
       240          0          0          0          0          0   lludivv7m.o
         2          0          0          0          0          0   rtexit.o
        10          0          0          0          0          0   rtexit2.o
        12          4          0          0          0          0   sys_exit.o
        74          0          0          0          0          0   sys_stackheap_outer.o
         2          0          0          0          0          0   use_no_semi.o

    ----------------------------------------------------------------------
       608         16          0          0         96          0   Library Totals
         6          0          0          0          0          0   (incl. Padding)

    ----------------------------------------------------------------------

      Code (inc. data)   RO Data    RW Data    ZI Data      Debug   Library Name

       602         16          0          0         96          0   c_w.l

    ----------------------------------------------------------------------
       608         16          0          0         96          0   Library Totals

    ----------------------------------------------------------------------

==============================================================================


      Code (inc. data)   RO Data    RW Data    ZI Data      Debug   

      2676        198        440          0       1672          0   Grand Totals
      2676        198        440          0       1672          0   ELF Image Totals
      2676        198        440          0          0          0   ROM Totals

==============================================================================

    Total RO  Size (Code + RO Data)                 3116 (   3.04kB)
    Total RW  Size (RW Data + ZI Data)              1672 (   1.63kB)
    Total ROM Size (Code + RO Data + RW Data)       3116 (   3.04kB)

==============================================================================

